Archive member included because of file (symbol)

/usr/lib/gcc/arm-none-eabi/4.9.3/libgcc.a(_udivsi3.o)
                              binaries/fs.o (__aeabi_uidiv)
/usr/lib/gcc/arm-none-eabi/4.9.3/libgcc.a(_divsi3.o)
                              binaries/xsh_help.o (__aeabi_idiv)
/usr/lib/gcc/arm-none-eabi/4.9.3/libgcc.a(_dvmd_tls.o)
                              /usr/lib/gcc/arm-none-eabi/4.9.3/libgcc.a(_udivsi3.o) (__aeabi_idiv0)

Allocating common symbols
Common symbol       size              file

netbufpool          0x4               binaries/net.o
readylist           0x2               binaries/ready.o
rfltab              0x5a0             binaries/rflinit.o
sleepq              0x2               binaries/clkinit.o
count_shared        0x4               binaries/xsh_prodcons.o
n                   0x4               binaries/xsh_prodcons.o
intc_vector         0x200             binaries/evec.o
nnames              0x4               binaries/naminit.o
inodes_state        0x200             binaries/bs.o
udptab              0x168             binaries/udp.o
minheap             0x4               binaries/meminit.o
marks               0x50              binaries/mark.o
currpid             0x4               binaries/initialize.o
Lf_data             0x20c             binaries/lfsinit.o
porttab             0x2d0             binaries/ptinit.o
ttytab              0x10c             binaries/ttyinit.o
proctab             0x15e0            binaries/initialize.o
eth_a_regs          0x1c              binaries/ethinit.o
prcount             0x4               binaries/initialize.o
dev0_blocks         0x4               binaries/fs.o
lfltab              0xf00             binaries/lflinit.o
block_cache         0x201             binaries/bs.o
rdstab              0x8c              binaries/rdsinit.o
ethertab            0x138             binaries/ethinit.o
nsaddr              0x4               binaries/dns.o
NetData             0xa8              binaries/net.o
nmarks              0x4               binaries/mark.o
check               0x4               binaries/xsh_lowmem.o
dev0_blocksize      0x4               binaries/fs.o
Defer               0x8               binaries/resched.o
semtab              0x4b0             binaries/initialize.o
maxheap             0x4               binaries/meminit.o
preempt             0x4               binaries/clkinit.o
buftab              0xf0              binaries/bufinit.o
Rf_data             0x18              binaries/rfsinit.o
mkmutex             0x4               binaries/mark.o
stacksize           0x4               binaries/xsh_lowmem.o
clktime             0x4               binaries/clkinit.o
cpudelay            0x4               binaries/main.o
arpcache            0x180             binaries/arp.o
icmptab             0x230             binaries/icmp.o
nbpools             0x4               binaries/bufinit.o
stack_pointer       0x4               binaries/xsh_lowmem.o
oft                 0x540             binaries/bs.o
queuetab            0x980             binaries/queue.o
dev0_numblocks      0x4               binaries/fs.o
ptnextid            0x4               binaries/ptinit.o
Ram                 0x19000           binaries/raminit.o
ipoqueue            0x2c              binaries/ip.o
consumed            0x4               binaries/xsh_prodcons.o
memlist             0x8               binaries/initialize.o
produced            0x4               binaries/xsh_prodcons.o
nametab             0x19a0            binaries/naminit.o
ptfree              0x4               binaries/ptinit.o

Memory Configuration

Name             Origin             Length             Attributes
*default*        0x0000000000000000 0xffffffffffffffff

Linker script and memory map

                0x0000000081000000                physbase = 0x81000000
                0x0000000081000000                . = physbase
                0x0000000081000000                . = ALIGN (0x1000)

.text           0x0000000081000000    0x1a000
                0x0000000081000000                text = ABSOLUTE (.)
 *(.text .text.*)
 .text          0x0000000081000000       0x4c binaries/start.o
                0x0000000081000000                start
 .text          0x000000008100004c       0xcc binaries/allocatestack.o
                0x000000008100004c                allocatestack
 .text          0x0000000081000118      0x370 binaries/ascdate.o
                0x0000000081000118                ascdate
 .text          0x0000000081000488      0x17c binaries/bs.o
                0x0000000081000488                bs_mkdev
                0x0000000081000524                bs_bread
                0x0000000081000594                bs_bwrite
 .text          0x0000000081000604       0x18 binaries/bufinit.o
                0x0000000081000604                bufinit
 .text          0x000000008100061c       0x70 binaries/chprio.o
                0x000000008100061c                chprio
 .text          0x000000008100068c      0x150 binaries/clkhandler.o
                0x000000008100068c                clkhandler
 .text          0x00000000810007dc       0xd4 binaries/clkinit.o
                0x00000000810007dc                clkinit
 .text          0x00000000810008b0       0x5c binaries/close.o
                0x00000000810008b0                close
 .text          0x000000008100090c        0x0 binaries/conf.o
 .text          0x000000008100090c       0x70 binaries/control.o
                0x000000008100090c                control
 .text          0x000000008100097c      0x2c0 binaries/create.o
                0x000000008100097c                create
 .text          0x0000000081000c3c      0x2c4 binaries/createmod.o
                0x0000000081000c3c                createmod
 .text          0x0000000081000f00       0xb0 binaries/evec.o
                0x0000000081000f00                initintc
                0x0000000081000f2c                set_evec
                0x0000000081000f6c                irq_dispatch
 .text          0x0000000081000fb0       0x10 binaries/exit.o
                0x0000000081000fb0                exit
 .text          0x0000000081000fc0       0x84 binaries/freebuf.o
                0x0000000081000fc0                freebuf
 .text          0x0000000081001044      0x150 binaries/freemem.o
                0x0000000081001044                freemem
 .text          0x0000000081001194     0x12bc binaries/fs.o
                0x0000000081001194                fs_fileblock_to_diskblock
                0x00000000810011d4                fs_get_inode_by_num
                0x0000000081001298                fs_put_inode_by_num
                0x0000000081001380                fs_print_fsd
                0x0000000081001414                fs_setmaskbit
                0x0000000081001458                fs_mkfs
                0x00000000810015c8                fs_getmaskbit
                0x0000000081001604                fs_clearmaskbit
                0x0000000081001648                fs_printfreemask
                0x00000000810016f0                fs_create
                0x0000000081001930                fs_open
                0x0000000081001b64                writeBlock
                0x0000000081001b80                min
                0x0000000081001b8c                fs_write
                0x0000000081001fb8                readBlock
                0x0000000081001fd4                fs_read
                0x0000000081002244                fs_seek
                0x00000000810023d8                fs_close
 .text          0x0000000081002450       0x60 binaries/future_alloc.o
                0x0000000081002450                future_alloc
 .text          0x00000000810024b0       0x38 binaries/future_free.o
                0x00000000810024b0                future_free
 .text          0x00000000810024e8      0x27c binaries/future_get.o
                0x00000000810024e8                future_get
 .text          0x0000000081002764      0x1cc binaries/future_set.o
                0x0000000081002764                future_set
 .text          0x0000000081002930       0x7c binaries/getbuf.o
                0x0000000081002930                getbuf
 .text          0x00000000810029ac       0x5c binaries/getc.o
                0x00000000810029ac                getc
 .text          0x0000000081002a08       0x68 binaries/getdev.o
                0x0000000081002a08                getdev
 .text          0x0000000081002a70       0xa0 binaries/getitem.o
                0x0000000081002a70                getitem
                0x0000000081002aa0                getfirst
                0x0000000081002ad4                getlast
 .text          0x0000000081002b10      0x108 binaries/getmem.o
                0x0000000081002b10                getmem
 .text          0x0000000081002c18       0x10 binaries/getpid.o
                0x0000000081002c18                getpid
 .text          0x0000000081002c28       0x5c binaries/getprio.o
                0x0000000081002c28                getprio
 .text          0x0000000081002c84       0xd0 binaries/getstk.o
                0x0000000081002c84                getstk
 .text          0x0000000081002d54       0x38 binaries/gettime.o
                0x0000000081002d54                gettime
 .text          0x0000000081002d8c      0x1c8 binaries/getutime.o
                0x0000000081002d8c                getutime
 .text          0x0000000081002f54       0x5c binaries/init.o
                0x0000000081002f54                init
 .text          0x0000000081002fb0      0x2f8 binaries/initialize.o
                0x0000000081002fb0                nulluser
                0x0000000081003248                stop
                0x000000008100326c                delay
 .text          0x00000000810032a8       0xc0 binaries/insert.o
                0x00000000810032a8                insert
 .text          0x0000000081003368      0x12c binaries/insertd.o
                0x0000000081003368                insertd
 .text          0x0000000081003494        0x8 binaries/ioerr.o
                0x0000000081003494                ioerr
 .text          0x000000008100349c        0x8 binaries/ionull.o
                0x000000008100349c                ionull
 .text          0x00000000810034a4      0x190 binaries/kill.o
                0x00000000810034a4                kill
 .text          0x0000000081003634      0x1ec binaries/killmod.o
                0x0000000081003634                killmod
 .text          0x0000000081003820       0xb4 binaries/kprintf.o
                0x0000000081003820                kputc
                0x0000000081003860                kgetc
                0x0000000081003894                kprintf
 .text          0x00000000810038d4      0x118 binaries/main.o
                0x00000000810038d4                counterproc
                0x0000000081003910                main
 .text          0x00000000810039ec       0xd0 binaries/mark.o
                0x00000000810039ec                markinit
                0x0000000081003a18                mark
 .text          0x0000000081003abc       0x44 binaries/meminit.o
                0x0000000081003abc                meminit
 .text          0x0000000081003b00      0x138 binaries/mkbufpool.o
                0x0000000081003b00                mkbufpool
 .text          0x0000000081003c38      0x160 binaries/netvalue.o
                0x0000000081003c38                netvalue
 .text          0x0000000081003d98       0x88 binaries/newqueue.o
                0x0000000081003d98                newqueue
 .text          0x0000000081003e20       0x68 binaries/open.o
                0x0000000081003e20                open
 .text          0x0000000081003e88       0x20 binaries/panic.o
                0x0000000081003e88                panic
 .text          0x0000000081003ea8       0x48 binaries/platinit.o
                0x0000000081003ea8                platinit
 .text          0x0000000081003ef0       0xa8 binaries/ptclear.o
                0x0000000081003ef0                _ptclear
 .text          0x0000000081003f98       0x90 binaries/ptcount.o
                0x0000000081003f98                ptcount
 .text          0x0000000081004028      0x100 binaries/ptcreate.o
                0x0000000081004028                ptcreate
 .text          0x0000000081004128       0x70 binaries/ptdelete.o
                0x0000000081004128                ptdelete
 .text          0x0000000081004198       0xbc binaries/ptinit.o
                0x0000000081004198                ptinit
 .text          0x0000000081004254      0x144 binaries/ptrecv.o
                0x0000000081004254                ptrecv
 .text          0x0000000081004398       0x6c binaries/ptreset.o
                0x0000000081004398                ptreset
 .text          0x0000000081004404      0x15c binaries/ptsend.o
                0x0000000081004404                ptsend
 .text          0x0000000081004560       0x64 binaries/putc.o
                0x0000000081004560                putc
 .text          0x00000000810045c4       0xe0 binaries/queue.o
                0x00000000810045c4                enqueue
                0x0000000081004648                dequeue
 .text          0x00000000810046a4       0x78 binaries/queue_temp.o
                0x00000000810046a4                enqueue_temp
                0x00000000810046dc                dequeue_temp
 .text          0x000000008100471c       0x68 binaries/read.o
                0x000000008100471c                read
 .text          0x0000000081004784       0x74 binaries/ready.o
                0x0000000081004784                ready
 .text          0x00000000810047f8       0x84 binaries/receive.o
                0x00000000810047f8                receive
 .text          0x000000008100487c       0x64 binaries/recvclr.o
                0x000000008100487c                recvclr
 .text          0x00000000810048e0       0xe0 binaries/recvtime.o
                0x00000000810048e0                recvtime
 .text          0x00000000810049c0      0x1d0 binaries/resched.o
                0x00000000810049c0                resched
                0x0000000081004adc                resched_cntl
 .text          0x0000000081004b90       0x88 binaries/resume.o
                0x0000000081004b90                resume
 .text          0x0000000081004c18       0x64 binaries/seek.o
                0x0000000081004c18                seek
 .text          0x0000000081004c7c       0x58 binaries/semcount.o
                0x0000000081004c7c                semcount
 .text          0x0000000081004cd4       0xb8 binaries/semcreate.o
                0x0000000081004cd4                semcreate
 .text          0x0000000081004d8c       0xc8 binaries/semdelete.o
                0x0000000081004d8c                semdelete
 .text          0x0000000081004e54       0xb4 binaries/semreset.o
                0x0000000081004e54                semreset
 .text          0x0000000081004f08       0xc8 binaries/send.o
                0x0000000081004f08                send
 .text          0x0000000081004fd0       0x98 binaries/signal.o
                0x0000000081004fd0                signal
 .text          0x0000000081005068       0xb8 binaries/signaln.o
                0x0000000081005068                signaln
 .text          0x0000000081005120       0xd4 binaries/sleep.o
                0x0000000081005120                sleepms
                0x00000000810051c0                sleep
 .text          0x00000000810051f4       0xd0 binaries/suspend.o
                0x00000000810051f4                suspend
 .text          0x00000000810052c4       0xa4 binaries/unsleep.o
                0x00000000810052c4                unsleep
 .text          0x0000000081005368       0x10 binaries/userret.o
                0x0000000081005368                userret
 .text          0x0000000081005378       0xc4 binaries/wait.o
                0x0000000081005378                wait
 .text          0x000000008100543c       0x90 binaries/wakeup.o
                0x000000008100543c                wakeup
 .text          0x00000000810054cc       0x68 binaries/write.o
                0x00000000810054cc                write
 .text          0x0000000081005534       0x18 binaries/xdone.o
                0x0000000081005534                xdone
 .text          0x000000008100554c       0x20 binaries/yield.o
                0x000000008100554c                yield
 .text          0x000000008100556c        0xc binaries/abs.o
                0x000000008100556c                abs
 .text          0x0000000081005578      0x130 binaries/atoi.o
                0x0000000081005578                atoi
 .text          0x00000000810056a8      0x130 binaries/atol.o
                0x00000000810056a8                atol
 .text          0x00000000810057d8       0x20 binaries/bzero.o
                0x00000000810057d8                bzero
 .text          0x00000000810057f8        0x0 binaries/ctype_.o
 .text          0x00000000810057f8      0x968 binaries/doprnt.o
                0x00000000810059e8                _doprnt
 .text          0x0000000081006160      0x728 binaries/doscan.o
                0x0000000081006160                _doscan
 .text          0x0000000081006888      0x8c0 binaries/fdoprnt.o
                0x0000000081006938                _fdoprnt
 .text          0x0000000081007148       0x14 binaries/fgetc.o
                0x0000000081007148                fgetc
 .text          0x000000008100715c       0x84 binaries/fgets.o
                0x000000008100715c                fgets
 .text          0x00000000810071e0       0x3c binaries/fprintf.o
                0x00000000810071e0                fprintf
 .text          0x000000008100721c       0x24 binaries/fputc.o
                0x000000008100721c                fputc
 .text          0x0000000081007240       0x38 binaries/fputs.o
                0x0000000081007240                fputs
 .text          0x0000000081007278       0x78 binaries/fscanf.o
                0x00000000810072ac                fscanf
 .text          0x00000000810072f0       0x2c binaries/getchar.o
                0x00000000810072f0                getchar
 .text          0x000000008100731c        0xc binaries/labs.o
                0x000000008100731c                labs
 .text          0x0000000081007328       0x40 binaries/memchr.o
                0x0000000081007328                memchr
 .text          0x0000000081007368       0x58 binaries/memcmp.o
                0x0000000081007368                memcmp
 .text          0x00000000810073c0       0x24 binaries/memcpy.o
                0x00000000810073c0                memcpy
 .text          0x00000000810073e4       0x20 binaries/memset.o
                0x00000000810073e4                memset
 .text          0x0000000081007404       0x58 binaries/printf.o
                0x0000000081007404                printf
 .text          0x000000008100745c       0x2c binaries/putchar.o
                0x000000008100745c                putchar
 .text          0x0000000081007488      0x238 binaries/qsort.o
                0x00000000810076a0                qsort
 .text          0x00000000810076c0       0x38 binaries/rand.o
                0x00000000810076c0                srand
                0x00000000810076d0                rand
 .text          0x00000000810076f8       0x68 binaries/sprintf.o
                0x0000000081007710                sprintf
 .text          0x0000000081007760       0x78 binaries/sscanf.o
                0x0000000081007794                sscanf
 .text          0x00000000810077d8       0x40 binaries/strchr.o
                0x00000000810077d8                strchr
 .text          0x0000000081007818       0x54 binaries/strcmp.o
                0x0000000081007818                strcmp
 .text          0x000000008100786c       0x1c binaries/strcpy.o
                0x000000008100786c                strcpy
 .text          0x0000000081007888       0x30 binaries/strlen.o
                0x0000000081007888                strlen
 .text          0x00000000810078b8       0x50 binaries/strncat.o
                0x00000000810078b8                strncat
 .text          0x0000000081007908       0x50 binaries/strncmp.o
                0x0000000081007908                strncmp
 .text          0x0000000081007958       0x80 binaries/strncpy.o
                0x0000000081007958                strncpy
 .text          0x00000000810079d8       0x50 binaries/strnlen.o
                0x00000000810079d8                strnlen
 .text          0x0000000081007a28       0x40 binaries/strrchr.o
                0x0000000081007a28                strrchr
 .text          0x0000000081007a68       0xb0 binaries/strstr.o
                0x0000000081007a68                strstr
 .text          0x0000000081007b18      0x154 binaries/ttycontrol.o
                0x0000000081007b18                ttycontrol
 .text          0x0000000081007c6c       0xc8 binaries/ttygetc.o
                0x0000000081007c6c                ttygetc
 .text          0x0000000081007d34      0x4d4 binaries/ttyhandle_in.o
                0x0000000081007e00                ttyhandle_in
 .text          0x0000000081008208      0x16c binaries/ttyhandle_out.o
                0x0000000081008208                ttyhandle_out
 .text          0x0000000081008374       0xcc binaries/ttyhandler.o
                0x0000000081008374                ttyhandler
 .text          0x0000000081008440      0x144 binaries/ttyinit.o
                0x0000000081008440                ttyinit
 .text          0x0000000081008584        0xc binaries/ttykickout.o
                0x0000000081008584                ttykickout
 .text          0x0000000081008590       0x9c binaries/ttyputc.o
                0x0000000081008590                ttyputc
 .text          0x000000008100862c      0x134 binaries/ttyread.o
                0x000000008100862c                ttyread
 .text          0x0000000081008760       0x48 binaries/ttywrite.o
                0x0000000081008760                ttywrite
 .text          0x00000000810087a8      0x160 binaries/mount.o
                0x00000000810087a8                namlen
                0x0000000081008800                mount
 .text          0x0000000081008908      0x1c0 binaries/naminit.o
                0x0000000081008908                naminit
 .text          0x0000000081008ac8      0x24c binaries/nammap.o
                0x0000000081008ac8                namrepl
                0x0000000081008c18                namcpy
                0x0000000081008c74                nammap
 .text          0x0000000081008d14       0x40 binaries/namopen.o
                0x0000000081008d14                namopen
 .text          0x0000000081008d54      0x108 binaries/colon2mac.o
                0x0000000081008d54                colon2mac
 .text          0x0000000081008e5c       0x44 binaries/ethcontrol.o
                0x0000000081008e5c                ethcontrol
 .text          0x0000000081008ea0      0x178 binaries/ethhandler.o
                0x0000000081008ea0                ethhandler
 .text          0x0000000081009018      0x7f8 binaries/ethinit.o
                0x0000000081009018                eth_phy_read
                0x000000008100907c                eth_phy_write
                0x00000000810090c4                eth_phy_reset
                0x0000000081009224                ethinit
 .text          0x0000000081009810       0xf8 binaries/ethread.o
                0x0000000081009810                ethread
 .text          0x0000000081009908       0xf8 binaries/ethwrite.o
                0x0000000081009908                ethwrite
 .text          0x0000000081009a00       0x88 binaries/rdsbufalloc.o
                0x0000000081009a00                rdsbufalloc
 .text          0x0000000081009a88       0xe8 binaries/rdsclose.o
                0x0000000081009a88                rdsclose
 .text          0x0000000081009b70      0x1e8 binaries/rdscomm.o
                0x0000000081009b70                rdscomm
 .text          0x0000000081009d58      0x1b0 binaries/rdscontrol.o
                0x0000000081009d58                rdscontrol
 .text          0x0000000081009f08      0x1e0 binaries/rdsinit.o
                0x0000000081009f08                rdsinit
 .text          0x000000008100a0e8      0x1a0 binaries/rdsopen.o
                0x000000008100a0e8                rdsopen
 .text          0x000000008100a288      0x2d4 binaries/rdsprocess.o
                0x000000008100a288                rdsprocess
 .text          0x000000008100a55c      0x240 binaries/rdsread.o
                0x000000008100a55c                rdsread
 .text          0x000000008100a79c      0x1d0 binaries/rdswrite.o
                0x000000008100a79c                rdswrite
 .text          0x000000008100a96c        0x8 binaries/ramclose.o
                0x000000008100a96c                ramclose
 .text          0x000000008100a974       0x3c binaries/raminit.o
                0x000000008100a974                raminit
 .text          0x000000008100a9b0        0x8 binaries/ramopen.o
                0x000000008100a9b0                ramopen
 .text          0x000000008100a9b8       0x24 binaries/ramread.o
                0x000000008100a9b8                ramread
 .text          0x000000008100a9dc       0x20 binaries/ramwrite.o
                0x000000008100a9dc                ramwrite
 .text          0x000000008100a9fc       0x94 binaries/lfdballoc.o
                0x000000008100a9fc                lfdballoc
 .text          0x000000008100aa90       0x4c binaries/lfdbfree.o
                0x000000008100aa90                lfdbfree
 .text          0x000000008100aadc       0xb8 binaries/lfflush.o
                0x000000008100aadc                lfflush
 .text          0x000000008100ab94       0xc8 binaries/lfgetmode.o
                0x000000008100ab94                lfgetmode
 .text          0x000000008100ac5c       0x6c binaries/lfiballoc.o
                0x000000008100ac5c                lfiballoc
 .text          0x000000008100acc8       0x28 binaries/lfibclear.o
                0x000000008100acc8                lfibclear
 .text          0x000000008100acf0       0x64 binaries/lfibget.o
                0x000000008100acf0                lfibget
 .text          0x000000008100ad54       0x90 binaries/lfibput.o
                0x000000008100ad54                lfibput
 .text          0x000000008100ade4       0xc4 binaries/lflclose.o
                0x000000008100ade4                lflclose
 .text          0x000000008100aea8       0xc8 binaries/lflcontrol.o
                0x000000008100aea8                lflcontrol
 .text          0x000000008100af70      0x10c binaries/lflgetc.o
                0x000000008100af70                lflgetc
 .text          0x000000008100b07c       0xd0 binaries/lflinit.o
                0x000000008100b07c                lflinit
 .text          0x000000008100b14c      0x14c binaries/lflputc.o
                0x000000008100b14c                lflputc
 .text          0x000000008100b298       0x70 binaries/lflread.o
                0x000000008100b298                lflread
 .text          0x000000008100b308       0xc0 binaries/lflseek.o
                0x000000008100b308                lflseek
 .text          0x000000008100b3c8       0x50 binaries/lflwrite.o
                0x000000008100b3c8                lflwrite
 .text          0x000000008100b418      0x11c binaries/lfsckfmt.o
                0x000000008100b418                lfsckfmt
 .text          0x000000008100b534      0x15c binaries/lfscreate.o
                0x000000008100b534                lfscreate
 .text          0x000000008100b690      0x1f0 binaries/lfsetup.o
                0x000000008100b690                lfsetup
 .text          0x000000008100b880       0x44 binaries/lfsinit.o
                0x000000008100b880                lfsinit
 .text          0x000000008100b8c4      0x378 binaries/lfsopen.o
                0x000000008100b8c4                lfsopen
 .text          0x000000008100bc3c      0x110 binaries/lftruncate.o
                0x000000008100bc3c                lftruncate
 .text          0x000000008100bd4c       0x7c binaries/rflclose.o
                0x000000008100bd4c                rflclose
 .text          0x000000008100bdc8       0x28 binaries/rflgetc.o
                0x000000008100bdc8                rflgetc
 .text          0x000000008100bdf0       0x88 binaries/rflinit.o
                0x000000008100bdf0                rflinit
 .text          0x000000008100be78       0x2c binaries/rflputc.o
                0x000000008100be78                rflputc
 .text          0x000000008100bea4      0x2c4 binaries/rflread.o
                0x000000008100bea4                rflread
 .text          0x000000008100c168       0x7c binaries/rflseek.o
                0x000000008100c168                rflseek
 .text          0x000000008100c1e4      0x2e0 binaries/rflwrite.o
                0x000000008100c1e4                rflwrite
 .text          0x000000008100c4c4      0x198 binaries/rfscomm.o
                0x000000008100c4c4                rfscomm
 .text          0x000000008100c65c      0x224 binaries/rfscontrol.o
                0x000000008100c65c                rfscontrol
 .text          0x000000008100c880       0xc8 binaries/rfsgetmode.o
                0x000000008100c880                rfsgetmode
 .text          0x000000008100c948       0x84 binaries/rfsinit.o
                0x000000008100c948                rfsinit
 .text          0x000000008100c9cc       0x98 binaries/rfsndmsg.o
                0x000000008100c9cc                rfsndmsg
 .text          0x000000008100ca64      0x238 binaries/rfsopen.o
                0x000000008100ca64                rfsopen
 .text          0x000000008100cc9c      0x79c binaries/arp.o
                0x000000008100cc9c                arp_init
                0x000000008100ccbc                arp_alloc
                0x000000008100cd94                arp_ntoh
                0x000000008100ce38                arp_hton
                0x000000008100cedc                arp_resolve
                0x000000008100d174                arp_in
 .text          0x000000008100d438      0xd78 binaries/dhcp.o
                0x000000008100d438                dump_dhcp_msg
                0x000000008100da5c                get_dhcp_option_value
                0x000000008100dab8                build_dhcp_discover
                0x000000008100dbe4                build_dhcp_request
                0x000000008100dd90                getlocalip_boot
                0x000000008100e198                getlocalip
 .text          0x000000008100e1b0      0x414 binaries/dns.o
                0x000000008100e1b0                dns_bldq
                0x000000008100e25c                dns_getrname
                0x000000008100e320                dns_geta
                0x000000008100e450                dns_qa
 .text          0x000000008100e5c4      0x108 binaries/dot2ip.o
                0x000000008100e5c4                dot2ip
 .text          0x000000008100e6cc      0x328 binaries/hexdump.o
                0x000000008100e6cc                hexdump
                0x000000008100e818                hexadump
 .text          0x000000008100e9f4      0x71c binaries/icmp.o
                0x000000008100e9f4                icmp_init
                0x000000008100ea18                icmp_register
                0x000000008100ead8                icmp_recv
                0x000000008100ec78                icmp_mkpkt
                0x000000008100ed68                icmp_in
                0x000000008100eef4                icmp_send
                0x000000008100ef64                icmp_release
                0x000000008100f04c                icmp_cksum
                0x000000008100f0a8                icmp_hton
                0x000000008100f0dc                icmp_ntoh
 .text          0x000000008100f110      0x67c binaries/ip.o
                0x000000008100f110                ip_local
                0x000000008100f140                ipcksum
                0x000000008100f184                ip_ntoh
                0x000000008100f228                ip_in
                0x000000008100f358                ip_hton
                0x000000008100f3fc                ip_out
                0x000000008100f4b0                ip_send
                0x000000008100f5e0                ipout
                0x000000008100f6f0                ip_enqueue
 .text          0x000000008100f78c      0x1c4 binaries/net.o
                0x000000008100f78c                net_init
                0x000000008100f884                eth_hton
                0x000000008100f898                eth_ntoh
                0x000000008100f8ac                netin
 .text          0x000000008100f950       0xf8 binaries/netstart.o
                0x000000008100f950                netstart
 .text          0x000000008100fa48      0x9dc binaries/pdump.o
                0x000000008100fa48                pdump
                0x000000008100ffd4                pdumph
 .text          0x0000000081010424      0x580 binaries/tftp.o
                0x0000000081010424                tftp_send1
                0x0000000081010510                tftpget_mb
                0x0000000081010970                tftpget
 .text          0x00000000810109a4      0xa20 binaries/udp.o
                0x00000000810109a4                udp_init
                0x00000000810109cc                udp_in
                0x0000000081010b00                udp_register
                0x0000000081010c04                udp_recv
                0x0000000081010da0                udp_recvaddr
                0x0000000081010f58                udp_send
                0x0000000081011100                udp_sendto
                0x000000008101126c                udp_release
                0x000000008101135c                udp_ntoh
                0x0000000081011390                udp_hton
 .text          0x00000000810113c4      0x13c binaries/addargs.o
                0x00000000810113c4                addargs
 .text          0x0000000081011500      0x28c binaries/lexan.o
                0x0000000081011500                lexan
 .text          0x000000008101178c      0x68c binaries/shell.o
                0x000000008101178c                shell
 .text          0x0000000081011e18       0x64 binaries/xsh_argecho.o
                0x0000000081011e18                xsh_argecho
 .text          0x0000000081011e7c      0x1d8 binaries/xsh_arp.o
                0x0000000081011e7c                xsh_arp
 .text          0x0000000081012054      0x234 binaries/xsh_cat.o
                0x0000000081012054                xsh_cat
 .text          0x0000000081012288       0x5c binaries/xsh_clear.o
                0x0000000081012288                xsh_clear
 .text          0x00000000810122e4      0x29c binaries/xsh_date.o
                0x00000000810122e4                xsh_date
 .text          0x0000000081012580       0x98 binaries/xsh_devdump.o
                0x0000000081012580                xsh_devdump
 .text          0x0000000081012618       0x68 binaries/xsh_echo.o
                0x0000000081012618                xsh_echo
 .text          0x0000000081012680        0x8 binaries/xsh_exit.o
                0x0000000081012680                xsh_exit
 .text          0x0000000081012688      0x3a0 binaries/xsh_fstest.o
                0x0000000081012688                clean_up
                0x00000000810126b0                xsh_fstest
 .text          0x0000000081012a28       0xa8 binaries/xsh_hello.o
                0x0000000081012a28                xsh_hello
 .text          0x0000000081012ad0      0x3b8 binaries/xsh_help.o
                0x0000000081012ad0                xsh_help
 .text          0x0000000081012e88      0x354 binaries/xsh_ipaddr.o
                0x0000000081012e88                xsh_ipaddr
 .text          0x00000000810131dc      0x1fc binaries/xsh_kill.o
                0x00000000810131dc                xsh_kill
 .text          0x00000000810133d8      0x2ac binaries/xsh_led.o
                0x00000000810133d8                xsh_led
 .text          0x0000000081013684      0x2f0 binaries/xsh_lowmem.o
                0x0000000081013684                xsh_lowmem
 .text          0x0000000081013974      0x434 binaries/xsh_memdump.o
                0x0000000081013a68                xsh_memdump
 .text          0x0000000081013da8      0x224 binaries/xsh_memstat.o
                0x0000000081013da8                xsh_memstat
 .text          0x0000000081013fcc       0xd0 binaries/xsh_memwalk.o
                0x0000000081013fcc                xsh_memwalk
 .text          0x000000008101409c      0x3b8 binaries/xsh_ping.o
                0x000000008101409c                xsh_ping
 .text          0x0000000081014454      0x4cc binaries/xsh_prodcons.o
                0x0000000081014454                check_integer
                0x00000000810144a4                xsh_prodcons
 .text          0x0000000081014920      0x220 binaries/xsh_ps.o
                0x0000000081014920                xsh_ps
 .text          0x0000000081014b40       0x14 binaries/xsh_reset.o
                0x0000000081014b40                xsh_reset
 .text          0x0000000081014b54      0x1d4 binaries/xsh_sleep.o
                0x0000000081014b54                xsh_sleep
 .text          0x0000000081014d28      0x244 binaries/xsh_udpdump.o
                0x0000000081014d28                xsh_udpdump
 .text          0x0000000081014f6c      0x3fc binaries/xsh_udpecho.o
                0x0000000081014f6c                xsh_udpecho
 .text          0x0000000081015368      0x250 binaries/xsh_udpeserver.o
                0x0000000081015368                xsh_udpeserver
 .text          0x00000000810155b8      0x1b4 binaries/xsh_uptime.o
                0x00000000810155b8                xsh_uptime
 .text          0x000000008101576c      0x214 binaries/xsh_xinuclient.o
                0x000000008101576c                xsh_xinuclient
 .text          0x0000000081015980       0x90 binaries/consume.o
                0x0000000081015980                consumer
 .text          0x0000000081015a10       0x48 binaries/future_cons.o
                0x0000000081015a10                future_cons
 .text          0x0000000081015a58       0x3c binaries/future_prod.o
                0x0000000081015a58                future_prod
 .text          0x0000000081015a94       0x48 binaries/network_cons.o
                0x0000000081015a94                network_cons
 .text          0x0000000081015adc       0x48 binaries/network_prod.o
                0x0000000081015adc                network_prod
 .text          0x0000000081015b24       0x64 binaries/produce.o
                0x0000000081015b24                producer
 .text          0x0000000081015b88       0x58 binaries/testprocess.o
                0x0000000081015b88                testprocess
                0x0000000081015bb8                fact
 .text          0x0000000081015be0       0x2c binaries/ctxsw.o
                0x0000000081015be0                ctxsw
 .text          0x0000000081015c0c      0x100 binaries/intr.o
                0x0000000081015c0c                disable
                0x0000000081015c18                restore
                0x0000000081015c3c                enable
                0x0000000081015c44                pause
                0x0000000081015c44                halt
                0x0000000081015c4c                irq_except
                0x0000000081015c7c                initevec
                0x0000000081015cdc                expjmpinstr
 .text          0x0000000081015d0c      0x114 /usr/lib/gcc/arm-none-eabi/4.9.3/libgcc.a(_udivsi3.o)
                0x0000000081015d0c                __udivsi3
                0x0000000081015d0c                __aeabi_uidiv
                0x0000000081015e00                __aeabi_uidivmod
 .text          0x0000000081015e20      0x148 /usr/lib/gcc/arm-none-eabi/4.9.3/libgcc.a(_divsi3.o)
                0x0000000081015e20                __aeabi_idiv
                0x0000000081015e20                __divsi3
                0x0000000081015f48                __aeabi_idivmod
 .text          0x0000000081015f68        0x4 /usr/lib/gcc/arm-none-eabi/4.9.3/libgcc.a(_dvmd_tls.o)
                0x0000000081015f68                __aeabi_ldiv0
                0x0000000081015f68                __aeabi_idiv0
 *(.rodata .rodata.*)
 .rodata.str1.4
                0x0000000081015f6c       0x78 binaries/ascdate.o
 .rodata.str1.4
                0x0000000081015fe4       0x50 binaries/bs.o
 .rodata.str1.4
                0x0000000081016034       0xcb binaries/conf.o
 *fill*         0x00000000810160ff        0x1 
 .rodata.str1.4
                0x0000000081016100      0x4dc binaries/fs.o
                                        0x4f8 (size before relaxing)
 .rodata.str1.4
                0x00000000810165dc       0x1b binaries/future_set.o
 *fill*         0x00000000810165f7        0x1 
 .rodata.str1.4
                0x00000000810165f8       0x60 binaries/getutime.o
 .rodata.str1.4
                0x0000000081016658      0x16c binaries/initialize.o
                                        0x170 (size before relaxing)
 .rodata.str1.4
                0x00000000810167c4       0x1f binaries/killmod.o
 *fill*         0x00000000810167e3        0x1 
 .rodata.str1.4
                0x00000000810167e4       0x62 binaries/main.o
 *fill*         0x0000000081016846        0x2 
 .rodata.str1.4
                0x0000000081016848       0x6a binaries/netvalue.o
                                         0xba (size before relaxing)
 *fill*         0x00000000810168b2        0x2 
 .rodata.str1.4
                0x00000000810168b4       0x10 binaries/panic.o
 .rodata.str1.4
                0x00000000810168c4       0x1c binaries/ptinit.o
 .rodata.str1.4
                0x00000000810168e0       0x25 binaries/ptsend.o
 *fill*         0x0000000081016905        0x3 
 .rodata.str1.4
                0x0000000081016908        0xe binaries/queue_temp.o
 *fill*         0x0000000081016916        0x2 
 .rodata.str1.4
                0x0000000081016918       0x27 binaries/xdone.o
 *fill*         0x000000008101693f        0x1 
 .rodata        0x0000000081016940       0x81 binaries/ctype_.o
                0x0000000081016940                _ctype_
 *fill*         0x00000000810169c1        0x3 
 .rodata.str1.4
                0x00000000810169c4       0x2f binaries/doprnt.o
 .rodata.str1.4
                0x0000000000000000       0x2d binaries/fdoprnt.o
 *fill*         0x00000000810169f3        0x1 
 .rodata.str1.4
                0x00000000810169f4       0x86 binaries/naminit.o
                                         0x8e (size before relaxing)
 *fill*         0x0000000081016a7a        0x2 
 .rodata.str1.4
                0x0000000081016a7c       0xe5 binaries/ethinit.o
 *fill*         0x0000000081016b61        0x3 
 .rodata.str1.4
                0x0000000081016b64       0x12 binaries/ethread.o
 *fill*         0x0000000081016b76        0x2 
 .rodata.str1.4
                0x0000000081016b78       0x2c binaries/rdsbufalloc.o
 .rodata.str1.4
                0x0000000081016ba4       0x76 binaries/rdscomm.o
 *fill*         0x0000000081016c1a        0x2 
 .rodata.str1.4
                0x0000000081016c1c       0x48 binaries/rdscontrol.o
 .rodata.str1.4
                0x0000000081016c64       0x96 binaries/rdsinit.o
 *fill*         0x0000000081016cfa        0x2 
 .rodata.str1.4
                0x0000000081016cfc       0x22 binaries/rdsopen.o
 *fill*         0x0000000081016d1e        0x2 
 .rodata.str1.4
                0x0000000081016d20       0x4d binaries/rdsprocess.o
 *fill*         0x0000000081016d6d        0x3 
 .rodata.str1.4
                0x0000000081016d70        0x9 binaries/raminit.o
 *fill*         0x0000000081016d79        0x3 
 .rodata.str1.4
                0x0000000081016d7c       0x37 binaries/lfdballoc.o
 *fill*         0x0000000081016db3        0x1 
 .rodata.str1.4
                0x0000000081016db4       0x14 binaries/lfiballoc.o
 .rodata.str1.4
                0x0000000081016dc8       0x23 binaries/lflcontrol.o
 *fill*         0x0000000081016deb        0x1 
 .rodata.str1.4
                0x0000000081016dec       0xbb binaries/lfsckfmt.o
 *fill*         0x0000000081016ea7        0x1 
 .rodata.str1.4
                0x0000000081016ea8       0x21 binaries/rflread.o
 .rodata.str1.4
                0x0000000000000000       0x21 binaries/rflwrite.o
 *fill*         0x0000000081016ec9        0x3 
 .rodata.str1.4
                0x0000000081016ecc       0x75 binaries/rfscomm.o
 *fill*         0x0000000081016f41        0x3 
 .rodata.str1.4
                0x0000000081016f44       0x23 binaries/rfscontrol.o
 *fill*         0x0000000081016f67        0x1 
 .rodata.str1.4
                0x0000000081016f68       0x63 binaries/rfsinit.o
 *fill*         0x0000000081016fcb        0x1 
 .rodata.str1.4
                0x0000000081016fcc       0x2a binaries/rfsndmsg.o
 .rodata.str1.4
                0x0000000000000000       0x22 binaries/rfsopen.o
 *fill*         0x0000000081016ff6        0x2 
 .rodata.str1.4
                0x0000000081016ff8       0x3d binaries/arp.o
 *fill*         0x0000000081017035        0x3 
 .rodata.str1.4
                0x0000000081017038      0x462 binaries/dhcp.o
                                        0x466 (size before relaxing)
 *fill*         0x000000008101749a        0x2 
 .rodata.str1.4
                0x000000008101749c       0xca binaries/hexdump.o
                                         0xd6 (size before relaxing)
 *fill*         0x0000000081017566        0x2 
 .rodata.str1.4
                0x0000000081017568       0x29 binaries/icmp.o
 *fill*         0x0000000081017591        0x3 
 .rodata.str1.4
                0x0000000081017594       0x52 binaries/ip.o
 *fill*         0x00000000810175e6        0x2 
 .rodata.str1.4
                0x00000000810175e8       0x53 binaries/net.o
 *fill*         0x000000008101763b        0x1 
 .rodata.str1.4
                0x000000008101763c       0x8f binaries/netstart.o
 *fill*         0x00000000810176cb        0x1 
 .rodata.str1.4
                0x00000000810176cc      0x28a binaries/pdump.o
                                        0x296 (size before relaxing)
 *fill*         0x0000000081017956        0x2 
 .rodata.str1.4
                0x0000000081017958      0x174 binaries/tftp.o
                                        0x17c (size before relaxing)
 .rodata        0x0000000081017acc      0x150 binaries/shell.o
                0x0000000081017acc                cmdtab
 .rodata.str1.4
                0x0000000081017c1c      0x32a binaries/shell.o
                                        0x332 (size before relaxing)
 *fill*         0x0000000081017f46        0x2 
 .rodata.str1.4
                0x0000000081017f48       0x29 binaries/xsh_argecho.o
                                         0x2e (size before relaxing)
 *fill*         0x0000000081017f71        0x3 
 .rodata.str1.4
                0x0000000081017f74      0x160 binaries/xsh_arp.o
                                        0x164 (size before relaxing)
 .rodata.str1.4
                0x00000000810180d4       0x81 binaries/xsh_cat.o
                                         0xd1 (size before relaxing)
 *fill*         0x0000000081018155        0x3 
 .rodata.str1.4
                0x0000000081018158       0x15 binaries/xsh_clear.o
 *fill*         0x000000008101816d        0x3 
 .rodata.str1.4
                0x0000000081018170      0x1af binaries/xsh_date.o
                                        0x1cb (size before relaxing)
 *fill*         0x000000008101831f        0x1 
 .rodata.str1.4
                0x0000000081018320       0x61 binaries/xsh_devdump.o
 *fill*         0x0000000081018381        0x3 
 .rodata.str1.4
                0x0000000081018384        0x8 binaries/xsh_echo.o
                                          0xa (size before relaxing)
 .rodata.str1.4
                0x000000008101838c       0xe5 binaries/xsh_fstest.o
                                        0x16d (size before relaxing)
 *fill*         0x0000000081018471        0x3 
 .rodata.str1.4
                0x0000000081018474       0x80 binaries/xsh_hello.o
                                         0xc0 (size before relaxing)
 .rodata.str1.4
                0x00000000810184f4       0xe7 binaries/xsh_help.o
                                        0x17a (size before relaxing)
 *fill*         0x00000000810185db        0x1 
 .rodata.str1.4
                0x00000000810185dc       0xfb binaries/xsh_ipaddr.o
                                        0x1ab (size before relaxing)
 *fill*         0x00000000810186d7        0x1 
 .rodata.str1.4
                0x00000000810186d8       0xc8 binaries/xsh_kill.o
                                        0x136 (size before relaxing)
 .rodata.str1.4
                0x00000000810187a0       0xf7 binaries/xsh_led.o
                                        0x16b (size before relaxing)
 *fill*         0x0000000081018897        0x1 
 .rodata.str1.4
                0x0000000081018898      0x1a2 binaries/xsh_lowmem.o
                                        0x1f3 (size before relaxing)
 *fill*         0x0000000081018a3a        0x2 
 .rodata.str1.4
                0x0000000081018a3c      0x1ca binaries/xsh_memdump.o
                                        0x262 (size before relaxing)
 *fill*         0x0000000081018c06        0x2 
 .rodata.str1.4
                0x0000000081018c08      0x1cc binaries/xsh_memstat.o
                                        0x232 (size before relaxing)
 .rodata.str1.4
                0x0000000081018dd4       0x6c binaries/xsh_memwalk.o
                                         0xb8 (size before relaxing)
 .rodata.str1.4
                0x0000000081018e40      0x13f binaries/xsh_ping.o
                                        0x1b2 (size before relaxing)
 *fill*         0x0000000081018f7f        0x1 
 .rodata.str1.4
                0x0000000081018f80      0x19d binaries/xsh_prodcons.o
                                        0x1f7 (size before relaxing)
 *fill*         0x000000008101911d        0x3 
 .rodata        0x0000000081019120       0x20 binaries/xsh_ps.o
 .rodata.str1.4
                0x0000000081019140      0x11a binaries/xsh_ps.o
                                        0x1d2 (size before relaxing)
 *fill*         0x000000008101925a        0x2 
 .rodata.str1.4
                0x000000008101925c       0x5e binaries/xsh_sleep.o
                                         0xf6 (size before relaxing)
 *fill*         0x00000000810192ba        0x2 
 .rodata        0x00000000810192bc        0xc binaries/xsh_udpdump.o
 .rodata.str1.4
                0x00000000810192c8      0x122 binaries/xsh_udpdump.o
                                        0x1de (size before relaxing)
 *fill*         0x00000000810193ea        0x2 
 .rodata.str1.4
                0x00000000810193ec      0x1ae binaries/xsh_udpecho.o
                                        0x222 (size before relaxing)
 *fill*         0x000000008101959a        0x2 
 .rodata.str1.4
                0x000000008101959c       0x97 binaries/xsh_udpeserver.o
                                        0x13b (size before relaxing)
 *fill*         0x0000000081019633        0x1 
 .rodata.str1.4
                0x0000000081019634       0x77 binaries/xsh_uptime.o
                                        0x112 (size before relaxing)
 *fill*         0x00000000810196ab        0x1 
 .rodata.str1.4
                0x00000000810196ac       0x1a binaries/xsh_xinuclient.o
                                         0xe6 (size before relaxing)
 *fill*         0x00000000810196c6        0x2 
 .rodata.str1.4
                0x00000000810196c8       0x10 binaries/consume.o
 .rodata.str1.4
                0x00000000810196d8       0x24 binaries/future_cons.o
 .rodata.str1.4
                0x00000000810196fc       0x16 binaries/network_cons.o
                                         0x2a (size before relaxing)
 *fill*         0x0000000081019712        0x2 
 .rodata.str1.4
                0x0000000081019714       0x12 binaries/network_prod.o
 *fill*         0x0000000081019726        0x2 
 .rodata.str1.4
                0x0000000081019728       0x10 binaries/produce.o
                0x0000000081019738                etext = ABSOLUTE (.)
                0x000000008101a000                . = ALIGN (0x1000)
 *fill*         0x0000000081019738      0x8c8 

.glue_7         0x000000008101a000        0x0
 .glue_7        0x0000000000000000        0x0 linker stubs

.glue_7t        0x000000008101a000        0x0
 .glue_7t       0x0000000000000000        0x0 linker stubs

.vfp11_veneer   0x000000008101a000        0x0
 .vfp11_veneer  0x0000000000000000        0x0 linker stubs

.v4_bx          0x000000008101a000        0x0
 .v4_bx         0x0000000000000000        0x0 linker stubs

.iplt           0x000000008101a000        0x0
 .iplt          0x0000000000000000        0x0 binaries/start.o

.rel.dyn        0x000000008101a000        0x0
 .rel.iplt      0x0000000000000000        0x0 binaries/start.o

.data           0x000000008101a000     0x1000
                0x000000008101a000                data = ABSOLUTE (.)
 *(.data .data.*)
 .data          0x000000008101a000        0x0 binaries/start.o
 .data          0x000000008101a000        0x0 binaries/allocatestack.o
 .data          0x000000008101a000       0x88 binaries/ascdate.o
                0x000000008101a000                Date
 .data          0x000000008101a088        0x0 binaries/bs.o
 .data          0x000000008101a088        0x0 binaries/bufinit.o
 .data          0x000000008101a088        0x0 binaries/chprio.o
 .data          0x000000008101a088        0x8 binaries/clkhandler.o
 .data          0x000000008101a090        0x0 binaries/clkinit.o
 .data          0x000000008101a090        0x0 binaries/close.o
 .data          0x000000008101a090      0x5a0 binaries/conf.o
                0x000000008101a090                devtab
 .data          0x000000008101a630        0x0 binaries/control.o
 .data          0x000000008101a630        0x4 binaries/create.o
 .data          0x000000008101a634        0x4 binaries/createmod.o
 .data          0x000000008101a638       0x3d binaries/evec.o
                0x000000008101a638                expmsg2
                0x000000008101a64c                expmsg1
 .data          0x000000008101a675        0x0 binaries/exit.o
 .data          0x000000008101a675        0x0 binaries/freebuf.o
 .data          0x000000008101a675        0x0 binaries/freemem.o
 .data          0x000000008101a675        0x0 binaries/fs.o
 .data          0x000000008101a675        0x0 binaries/future_alloc.o
 .data          0x000000008101a675        0x0 binaries/future_free.o
 .data          0x000000008101a675        0x0 binaries/future_get.o
 .data          0x000000008101a675        0x0 binaries/future_set.o
 .data          0x000000008101a675        0x0 binaries/getbuf.o
 .data          0x000000008101a675        0x0 binaries/getc.o
 .data          0x000000008101a675        0x0 binaries/getdev.o
 .data          0x000000008101a675        0x0 binaries/getitem.o
 .data          0x000000008101a675        0x0 binaries/getmem.o
 .data          0x000000008101a675        0x0 binaries/getpid.o
 .data          0x000000008101a675        0x0 binaries/getprio.o
 .data          0x000000008101a675        0x0 binaries/getstk.o
 .data          0x000000008101a675        0x0 binaries/gettime.o
 .data          0x000000008101a675        0x0 binaries/getutime.o
 .data          0x000000008101a675        0x0 binaries/init.o
 .data          0x000000008101a675        0x0 binaries/initialize.o
 .data          0x000000008101a675        0x0 binaries/insert.o
 .data          0x000000008101a675        0x0 binaries/insertd.o
 .data          0x000000008101a675        0x0 binaries/ioerr.o
 .data          0x000000008101a675        0x0 binaries/ionull.o
 .data          0x000000008101a675        0x0 binaries/kill.o
 .data          0x000000008101a675        0x0 binaries/killmod.o
 .data          0x000000008101a675        0x0 binaries/kprintf.o
 *fill*         0x000000008101a675        0x3 
 .data          0x000000008101a678        0x4 binaries/main.o
                0x000000008101a678                gcounter
 .data          0x000000008101a67c        0x0 binaries/mark.o
 .data          0x000000008101a67c        0x0 binaries/meminit.o
 .data          0x000000008101a67c        0x0 binaries/mkbufpool.o
 .data          0x000000008101a67c        0x0 binaries/netvalue.o
 .data          0x000000008101a67c        0x2 binaries/newqueue.o
 .data          0x000000008101a67e        0x0 binaries/open.o
 .data          0x000000008101a67e        0x0 binaries/panic.o
 .data          0x000000008101a67e        0x0 binaries/platinit.o
 .data          0x000000008101a67e        0x0 binaries/ptclear.o
 .data          0x000000008101a67e        0x0 binaries/ptcount.o
 .data          0x000000008101a67e        0x0 binaries/ptcreate.o
 .data          0x000000008101a67e        0x0 binaries/ptdelete.o
 .data          0x000000008101a67e        0x0 binaries/ptinit.o
 .data          0x000000008101a67e        0x0 binaries/ptrecv.o
 .data          0x000000008101a67e        0x0 binaries/ptreset.o
 .data          0x000000008101a67e        0x0 binaries/ptsend.o
 .data          0x000000008101a67e        0x0 binaries/putc.o
 .data          0x000000008101a67e        0x0 binaries/queue.o
 .data          0x000000008101a67e        0x0 binaries/queue_temp.o
 .data          0x000000008101a67e        0x0 binaries/read.o
 .data          0x000000008101a67e        0x0 binaries/ready.o
 .data          0x000000008101a67e        0x0 binaries/receive.o
 .data          0x000000008101a67e        0x0 binaries/recvclr.o
 .data          0x000000008101a67e        0x0 binaries/recvtime.o
 .data          0x000000008101a67e        0x0 binaries/resched.o
 .data          0x000000008101a67e        0x0 binaries/resume.o
 .data          0x000000008101a67e        0x0 binaries/seek.o
 .data          0x000000008101a67e        0x0 binaries/semcount.o
 .data          0x000000008101a67e        0x0 binaries/semcreate.o
 .data          0x000000008101a67e        0x0 binaries/semdelete.o
 .data          0x000000008101a67e        0x0 binaries/semreset.o
 .data          0x000000008101a67e        0x0 binaries/send.o
 .data          0x000000008101a67e        0x0 binaries/signal.o
 .data          0x000000008101a67e        0x0 binaries/signaln.o
 .data          0x000000008101a67e        0x0 binaries/sleep.o
 .data          0x000000008101a67e        0x0 binaries/suspend.o
 .data          0x000000008101a67e        0x0 binaries/unsleep.o
 .data          0x000000008101a67e        0x0 binaries/userret.o
 .data          0x000000008101a67e        0x0 binaries/wait.o
 .data          0x000000008101a67e        0x0 binaries/wakeup.o
 .data          0x000000008101a67e        0x0 binaries/write.o
 .data          0x000000008101a67e        0x0 binaries/xdone.o
 .data          0x000000008101a67e        0x0 binaries/yield.o
 .data          0x000000008101a67e        0x0 binaries/abs.o
 .data          0x000000008101a67e        0x0 binaries/atoi.o
 .data          0x000000008101a67e        0x0 binaries/atol.o
 .data          0x000000008101a67e        0x0 binaries/bzero.o
 .data          0x000000008101a67e        0x0 binaries/ctype_.o
 .data          0x000000008101a67e        0x0 binaries/doprnt.o
 *fill*         0x000000008101a67e        0x2 
 .data          0x000000008101a680       0x80 binaries/doscan.o
                0x000000008101a680                _sctab
 .data          0x000000008101a700        0x0 binaries/fdoprnt.o
 .data          0x000000008101a700        0x0 binaries/fgetc.o
 .data          0x000000008101a700        0x0 binaries/fgets.o
 .data          0x000000008101a700        0x0 binaries/fprintf.o
 .data          0x000000008101a700        0x0 binaries/fputc.o
 .data          0x000000008101a700        0x0 binaries/fputs.o
 .data          0x000000008101a700        0x0 binaries/fscanf.o
 .data          0x000000008101a700        0x0 binaries/getchar.o
 .data          0x000000008101a700        0x0 binaries/labs.o
 .data          0x000000008101a700        0x0 binaries/memchr.o
 .data          0x000000008101a700        0x0 binaries/memcmp.o
 .data          0x000000008101a700        0x0 binaries/memcpy.o
 .data          0x000000008101a700        0x0 binaries/memset.o
 .data          0x000000008101a700        0x0 binaries/printf.o
 .data          0x000000008101a700        0x0 binaries/putchar.o
 .data          0x000000008101a700        0x0 binaries/qsort.o
 .data          0x000000008101a700        0x4 binaries/rand.o
 .data          0x000000008101a704        0x0 binaries/sprintf.o
 .data          0x000000008101a704        0x0 binaries/sscanf.o
 .data          0x000000008101a704        0x0 binaries/strchr.o
 .data          0x000000008101a704        0x0 binaries/strcmp.o
 .data          0x000000008101a704        0x0 binaries/strcpy.o
 .data          0x000000008101a704        0x0 binaries/strlen.o
 .data          0x000000008101a704        0x0 binaries/strncat.o
 .data          0x000000008101a704        0x0 binaries/strncmp.o
 .data          0x000000008101a704        0x0 binaries/strncpy.o
 .data          0x000000008101a704        0x0 binaries/strnlen.o
 .data          0x000000008101a704        0x0 binaries/strrchr.o
 .data          0x000000008101a704        0x0 binaries/strstr.o
 .data          0x000000008101a704        0x0 binaries/ttycontrol.o
 .data          0x000000008101a704        0x0 binaries/ttygetc.o
 .data          0x000000008101a704        0x0 binaries/ttyhandle_in.o
 .data          0x000000008101a704        0x0 binaries/ttyhandle_out.o
 .data          0x000000008101a704        0x0 binaries/ttyhandler.o
 .data          0x000000008101a704        0x0 binaries/ttyinit.o
 .data          0x000000008101a704        0x0 binaries/ttykickout.o
 .data          0x000000008101a704        0x0 binaries/ttyputc.o
 .data          0x000000008101a704        0x0 binaries/ttyread.o
 .data          0x000000008101a704        0x0 binaries/ttywrite.o
 .data          0x000000008101a704        0x0 binaries/mount.o
 .data          0x000000008101a704        0x0 binaries/naminit.o
 .data          0x000000008101a704        0x0 binaries/nammap.o
 .data          0x000000008101a704        0x0 binaries/namopen.o
 .data          0x000000008101a704        0x0 binaries/colon2mac.o
 .data          0x000000008101a704        0x0 binaries/ethcontrol.o
 .data          0x000000008101a704        0x0 binaries/ethhandler.o
 .data          0x000000008101a704        0x0 binaries/ethinit.o
 .data          0x000000008101a704        0x0 binaries/ethread.o
 .data          0x000000008101a704        0x0 binaries/ethwrite.o
 .data          0x000000008101a704        0x0 binaries/rdsbufalloc.o
 .data          0x000000008101a704        0x0 binaries/rdsclose.o
 .data          0x000000008101a704        0x0 binaries/rdscomm.o
 .data          0x000000008101a704        0x0 binaries/rdscontrol.o
 .data          0x000000008101a704        0x0 binaries/rdsinit.o
 .data          0x000000008101a704        0x0 binaries/rdsopen.o
 .data          0x000000008101a704        0x0 binaries/rdsprocess.o
 .data          0x000000008101a704        0x0 binaries/rdsread.o
 .data          0x000000008101a704        0x0 binaries/rdswrite.o
 .data          0x000000008101a704        0x0 binaries/ramclose.o
 .data          0x000000008101a704        0x0 binaries/raminit.o
 .data          0x000000008101a704        0x0 binaries/ramopen.o
 .data          0x000000008101a704        0x0 binaries/ramread.o
 .data          0x000000008101a704        0x0 binaries/ramwrite.o
 .data          0x000000008101a704        0x0 binaries/lfdballoc.o
 .data          0x000000008101a704        0x0 binaries/lfdbfree.o
 .data          0x000000008101a704        0x0 binaries/lfflush.o
 .data          0x000000008101a704        0x0 binaries/lfgetmode.o
 .data          0x000000008101a704        0x0 binaries/lfiballoc.o
 .data          0x000000008101a704        0x0 binaries/lfibclear.o
 .data          0x000000008101a704        0x0 binaries/lfibget.o
 .data          0x000000008101a704        0x0 binaries/lfibput.o
 .data          0x000000008101a704        0x0 binaries/lflclose.o
 .data          0x000000008101a704        0x0 binaries/lflcontrol.o
 .data          0x000000008101a704        0x0 binaries/lflgetc.o
 .data          0x000000008101a704        0x0 binaries/lflinit.o
 .data          0x000000008101a704        0x0 binaries/lflputc.o
 .data          0x000000008101a704        0x0 binaries/lflread.o
 .data          0x000000008101a704        0x0 binaries/lflseek.o
 .data          0x000000008101a704        0x0 binaries/lflwrite.o
 .data          0x000000008101a704        0x0 binaries/lfsckfmt.o
 .data          0x000000008101a704        0x0 binaries/lfscreate.o
 .data          0x000000008101a704        0x0 binaries/lfsetup.o
 .data          0x000000008101a704        0x0 binaries/lfsinit.o
 .data          0x000000008101a704        0x0 binaries/lfsopen.o
 .data          0x000000008101a704        0x0 binaries/lftruncate.o
 .data          0x000000008101a704        0x0 binaries/rflclose.o
 .data          0x000000008101a704        0x0 binaries/rflgetc.o
 .data          0x000000008101a704        0x0 binaries/rflinit.o
 .data          0x000000008101a704        0x0 binaries/rflputc.o
 .data          0x000000008101a704        0x0 binaries/rflread.o
 .data          0x000000008101a704        0x0 binaries/rflseek.o
 .data          0x000000008101a704        0x0 binaries/rflwrite.o
 .data          0x000000008101a704        0x0 binaries/rfscomm.o
 .data          0x000000008101a704        0x0 binaries/rfscontrol.o
 .data          0x000000008101a704        0x0 binaries/rfsgetmode.o
 .data          0x000000008101a704        0x0 binaries/rfsinit.o
 .data          0x000000008101a704        0x0 binaries/rfsndmsg.o
 .data          0x000000008101a704        0x0 binaries/rfsopen.o
 .data          0x000000008101a704        0x0 binaries/arp.o
 .data          0x000000008101a704        0x0 binaries/dhcp.o
 .data          0x000000008101a704        0x0 binaries/dns.o
 .data          0x000000008101a704        0x0 binaries/dot2ip.o
 .data          0x000000008101a704        0x0 binaries/hexdump.o
 .data          0x000000008101a704        0x4 binaries/icmp.o
 .data          0x000000008101a708        0x0 binaries/ip.o
 .data          0x000000008101a708        0x0 binaries/net.o
 .data          0x000000008101a708        0x0 binaries/netstart.o
 .data          0x000000008101a708        0x0 binaries/pdump.o
 .data          0x000000008101a708        0x0 binaries/tftp.o
 .data          0x000000008101a708        0x4 binaries/udp.o
 .data          0x000000008101a70c        0x0 binaries/addargs.o
 .data          0x000000008101a70c        0x0 binaries/lexan.o
 .data          0x000000008101a70c        0x4 binaries/shell.o
                0x000000008101a70c                ncmd
 .data          0x000000008101a710        0x0 binaries/xsh_argecho.o
 .data          0x000000008101a710        0x0 binaries/xsh_arp.o
 .data          0x000000008101a710        0x0 binaries/xsh_cat.o
 .data          0x000000008101a710        0x0 binaries/xsh_clear.o
 .data          0x000000008101a710        0x0 binaries/xsh_date.o
 .data          0x000000008101a710        0x0 binaries/xsh_devdump.o
 .data          0x000000008101a710        0x0 binaries/xsh_echo.o
 .data          0x000000008101a710        0x0 binaries/xsh_exit.o
 .data          0x000000008101a710        0x0 binaries/xsh_fstest.o
 .data          0x000000008101a710        0x0 binaries/xsh_hello.o
 .data          0x000000008101a710        0x0 binaries/xsh_help.o
 .data          0x000000008101a710        0x0 binaries/xsh_ipaddr.o
 .data          0x000000008101a710        0x0 binaries/xsh_kill.o
 .data          0x000000008101a710        0x0 binaries/xsh_led.o
 .data          0x000000008101a710        0x0 binaries/xsh_lowmem.o
 .data          0x000000008101a710        0x0 binaries/xsh_memdump.o
 .data          0x000000008101a710        0x0 binaries/xsh_memstat.o
 .data          0x000000008101a710        0x0 binaries/xsh_memwalk.o
 .data          0x000000008101a710        0x0 binaries/xsh_ping.o
 .data          0x000000008101a710        0x0 binaries/xsh_prodcons.o
 .data          0x000000008101a710        0x0 binaries/xsh_ps.o
 .data          0x000000008101a710        0x0 binaries/xsh_reset.o
 .data          0x000000008101a710        0x0 binaries/xsh_sleep.o
 .data          0x000000008101a710        0x0 binaries/xsh_udpdump.o
 .data          0x000000008101a710        0x0 binaries/xsh_udpecho.o
 .data          0x000000008101a710        0x0 binaries/xsh_udpeserver.o
 .data          0x000000008101a710        0x0 binaries/xsh_uptime.o
 .data          0x000000008101a710        0x0 binaries/xsh_xinuclient.o
 .data          0x000000008101a710        0x0 binaries/consume.o
 .data          0x000000008101a710        0x0 binaries/future_cons.o
 .data          0x000000008101a710        0x0 binaries/future_prod.o
 .data          0x000000008101a710        0x0 binaries/network_cons.o
 .data          0x000000008101a710        0x0 binaries/network_prod.o
 .data          0x000000008101a710        0x0 binaries/produce.o
 .data          0x000000008101a710        0x0 binaries/testprocess.o
 .data          0x000000008101a710        0x0 binaries/ctxsw.o
 .data          0x000000008101a710        0x0 binaries/intr.o
 .data          0x000000008101a710        0x0 /usr/lib/gcc/arm-none-eabi/4.9.3/libgcc.a(_udivsi3.o)
 .data          0x000000008101a710        0x0 /usr/lib/gcc/arm-none-eabi/4.9.3/libgcc.a(_divsi3.o)
 .data          0x000000008101a710        0x0 /usr/lib/gcc/arm-none-eabi/4.9.3/libgcc.a(_dvmd_tls.o)
                0x000000008101a710                edata = ABSOLUTE (.)
                0x000000008101b000                . = ALIGN (0x1000)
 *fill*         0x000000008101a710      0x8f0 

.igot.plt       0x000000008101b000        0x0
 .igot.plt      0x0000000000000000        0x0 binaries/start.o

.bss            0x000000008101b000    0x20000
                0x000000008101b000                bss = ABSOLUTE (.)
 *(.bss .bss.*)
 .bss           0x000000008101b000        0x0 binaries/start.o
 .bss           0x000000008101b000        0x0 binaries/allocatestack.o
 .bss           0x000000008101b000        0x0 binaries/ascdate.o
 .bss           0x000000008101b000        0x4 binaries/bs.o
                0x000000008101b000                dev0
 .bss           0x000000008101b004        0x0 binaries/bufinit.o
 .bss           0x000000008101b004        0x0 binaries/chprio.o
 .bss           0x000000008101b004        0x0 binaries/clkhandler.o
 .bss           0x000000008101b004        0x4 binaries/clkinit.o
                0x000000008101b004                ctr1000
 .bss           0x000000008101b008        0x0 binaries/close.o
 .bss           0x000000008101b008        0x0 binaries/conf.o
 .bss           0x000000008101b008        0x0 binaries/control.o
 .bss           0x000000008101b008        0x0 binaries/create.o
 .bss           0x000000008101b008        0x0 binaries/createmod.o
 .bss           0x000000008101b008        0x0 binaries/evec.o
 .bss           0x000000008101b008        0x0 binaries/exit.o
 .bss           0x000000008101b008        0x0 binaries/freebuf.o
 .bss           0x000000008101b008        0x0 binaries/freemem.o
 .bss           0x000000008101b008      0x260 binaries/fs.o
                0x000000008101b264                next_open_fd
 .bss           0x000000008101b268        0x0 binaries/future_alloc.o
 .bss           0x000000008101b268        0x0 binaries/future_free.o
 .bss           0x000000008101b268        0x0 binaries/future_get.o
 .bss           0x000000008101b268        0x0 binaries/future_set.o
 .bss           0x000000008101b268        0x0 binaries/getbuf.o
 .bss           0x000000008101b268        0x0 binaries/getc.o
 .bss           0x000000008101b268        0x0 binaries/getdev.o
 .bss           0x000000008101b268        0x0 binaries/getitem.o
 .bss           0x000000008101b268        0x0 binaries/getmem.o
 .bss           0x000000008101b268        0x0 binaries/getpid.o
 .bss           0x000000008101b268        0x0 binaries/getprio.o
 .bss           0x000000008101b268        0x0 binaries/getstk.o
 .bss           0x000000008101b268        0x0 binaries/gettime.o
 .bss           0x000000008101b268        0x0 binaries/getutime.o
 .bss           0x000000008101b268        0x0 binaries/init.o
 .bss           0x000000008101b268        0x0 binaries/initialize.o
 .bss           0x000000008101b268        0x0 binaries/insert.o
 .bss           0x000000008101b268        0x0 binaries/insertd.o
 .bss           0x000000008101b268        0x0 binaries/ioerr.o
 .bss           0x000000008101b268        0x0 binaries/ionull.o
 .bss           0x000000008101b268        0x0 binaries/kill.o
 .bss           0x000000008101b268        0x0 binaries/killmod.o
 .bss           0x000000008101b268        0x0 binaries/kprintf.o
 .bss           0x000000008101b268        0x0 binaries/main.o
 .bss           0x000000008101b268        0x0 binaries/mark.o
 .bss           0x000000008101b268        0x0 binaries/meminit.o
 .bss           0x000000008101b268        0x0 binaries/mkbufpool.o
 .bss           0x000000008101b268        0x0 binaries/netvalue.o
 .bss           0x000000008101b268        0x0 binaries/newqueue.o
 .bss           0x000000008101b268        0x0 binaries/open.o
 .bss           0x000000008101b268        0x0 binaries/panic.o
 .bss           0x000000008101b268        0x0 binaries/platinit.o
 .bss           0x000000008101b268        0x0 binaries/ptclear.o
 .bss           0x000000008101b268        0x0 binaries/ptcount.o
 .bss           0x000000008101b268        0x0 binaries/ptcreate.o
 .bss           0x000000008101b268        0x0 binaries/ptdelete.o
 .bss           0x000000008101b268        0x0 binaries/ptinit.o
 .bss           0x000000008101b268        0x0 binaries/ptrecv.o
 .bss           0x000000008101b268        0x0 binaries/ptreset.o
 .bss           0x000000008101b268        0x0 binaries/ptsend.o
 .bss           0x000000008101b268        0x0 binaries/putc.o
 .bss           0x000000008101b268        0x0 binaries/queue.o
 .bss           0x000000008101b268        0x0 binaries/queue_temp.o
 .bss           0x000000008101b268        0x0 binaries/read.o
 .bss           0x000000008101b268        0x0 binaries/ready.o
 .bss           0x000000008101b268        0x0 binaries/receive.o
 .bss           0x000000008101b268        0x0 binaries/recvclr.o
 .bss           0x000000008101b268        0x0 binaries/recvtime.o
 .bss           0x000000008101b268        0x0 binaries/resched.o
 .bss           0x000000008101b268        0x0 binaries/resume.o
 .bss           0x000000008101b268        0x0 binaries/seek.o
 .bss           0x000000008101b268        0x0 binaries/semcount.o
 .bss           0x000000008101b268        0x4 binaries/semcreate.o
 .bss           0x000000008101b26c        0x0 binaries/semdelete.o
 .bss           0x000000008101b26c        0x0 binaries/semreset.o
 .bss           0x000000008101b26c        0x0 binaries/send.o
 .bss           0x000000008101b26c        0x0 binaries/signal.o
 .bss           0x000000008101b26c        0x0 binaries/signaln.o
 .bss           0x000000008101b26c        0x0 binaries/sleep.o
 .bss           0x000000008101b26c        0x0 binaries/suspend.o
 .bss           0x000000008101b26c        0x0 binaries/unsleep.o
 .bss           0x000000008101b26c        0x0 binaries/userret.o
 .bss           0x000000008101b26c        0x0 binaries/wait.o
 .bss           0x000000008101b26c        0x0 binaries/wakeup.o
 .bss           0x000000008101b26c        0x0 binaries/write.o
 .bss           0x000000008101b26c        0x0 binaries/xdone.o
 .bss           0x000000008101b26c        0x0 binaries/yield.o
 .bss           0x000000008101b26c        0x0 binaries/abs.o
 .bss           0x000000008101b26c        0x0 binaries/atoi.o
 .bss           0x000000008101b26c        0x0 binaries/atol.o
 .bss           0x000000008101b26c        0x0 binaries/bzero.o
 .bss           0x000000008101b26c        0x0 binaries/ctype_.o
 .bss           0x000000008101b26c        0x0 binaries/doprnt.o
 .bss           0x000000008101b26c        0x0 binaries/doscan.o
 .bss           0x000000008101b26c        0x0 binaries/fdoprnt.o
 .bss           0x000000008101b26c        0x0 binaries/fgetc.o
 .bss           0x000000008101b26c        0x0 binaries/fgets.o
 .bss           0x000000008101b26c        0x0 binaries/fprintf.o
 .bss           0x000000008101b26c        0x0 binaries/fputc.o
 .bss           0x000000008101b26c        0x0 binaries/fputs.o
 .bss           0x000000008101b26c        0x0 binaries/fscanf.o
 .bss           0x000000008101b26c        0x0 binaries/getchar.o
 .bss           0x000000008101b26c        0x0 binaries/labs.o
 .bss           0x000000008101b26c        0x0 binaries/memchr.o
 .bss           0x000000008101b26c        0x0 binaries/memcmp.o
 .bss           0x000000008101b26c        0x0 binaries/memcpy.o
 .bss           0x000000008101b26c        0x0 binaries/memset.o
 .bss           0x000000008101b26c        0x0 binaries/printf.o
 .bss           0x000000008101b26c        0x0 binaries/putchar.o
 .bss           0x000000008101b26c        0x8 binaries/qsort.o
 .bss           0x000000008101b274        0x0 binaries/rand.o
 .bss           0x000000008101b274        0x0 binaries/sprintf.o
 .bss           0x000000008101b274        0x0 binaries/sscanf.o
 .bss           0x000000008101b274        0x0 binaries/strchr.o
 .bss           0x000000008101b274        0x0 binaries/strcmp.o
 .bss           0x000000008101b274        0x0 binaries/strcpy.o
 .bss           0x000000008101b274        0x0 binaries/strlen.o
 .bss           0x000000008101b274        0x0 binaries/strncat.o
 .bss           0x000000008101b274        0x0 binaries/strncmp.o
 .bss           0x000000008101b274        0x0 binaries/strncpy.o
 .bss           0x000000008101b274        0x0 binaries/strnlen.o
 .bss           0x000000008101b274        0x0 binaries/strrchr.o
 .bss           0x000000008101b274        0x0 binaries/strstr.o
 .bss           0x000000008101b274        0x0 binaries/ttycontrol.o
 .bss           0x000000008101b274        0x0 binaries/ttygetc.o
 .bss           0x000000008101b274        0x0 binaries/ttyhandle_in.o
 .bss           0x000000008101b274        0x0 binaries/ttyhandle_out.o
 .bss           0x000000008101b274        0x0 binaries/ttyhandler.o
 .bss           0x000000008101b274        0x0 binaries/ttyinit.o
 .bss           0x000000008101b274        0x0 binaries/ttykickout.o
 .bss           0x000000008101b274        0x0 binaries/ttyputc.o
 .bss           0x000000008101b274        0x0 binaries/ttyread.o
 .bss           0x000000008101b274        0x0 binaries/ttywrite.o
 .bss           0x000000008101b274        0x0 binaries/mount.o
 .bss           0x000000008101b274        0x0 binaries/naminit.o
 .bss           0x000000008101b274        0x0 binaries/nammap.o
 .bss           0x000000008101b274        0x0 binaries/namopen.o
 .bss           0x000000008101b274        0x0 binaries/colon2mac.o
 .bss           0x000000008101b274        0x0 binaries/ethcontrol.o
 .bss           0x000000008101b274        0x0 binaries/ethhandler.o
 .bss           0x000000008101b274        0x0 binaries/ethinit.o
 .bss           0x000000008101b274        0x0 binaries/ethread.o
 .bss           0x000000008101b274        0x0 binaries/ethwrite.o
 .bss           0x000000008101b274        0x0 binaries/rdsbufalloc.o
 .bss           0x000000008101b274        0x0 binaries/rdsclose.o
 .bss           0x000000008101b274        0x0 binaries/rdscomm.o
 .bss           0x000000008101b274        0x0 binaries/rdscontrol.o
 .bss           0x000000008101b274        0x0 binaries/rdsinit.o
 .bss           0x000000008101b274        0x0 binaries/rdsopen.o
[...]
 .ARM.attributes
                0x00000000000028ee       0x35 binaries/netstart.o
 .ARM.attributes
                0x0000000000002923       0x35 binaries/pdump.o
 .ARM.attributes
                0x0000000000002958       0x35 binaries/tftp.o
 .ARM.attributes
                0x000000000000298d       0x35 binaries/udp.o
 .ARM.attributes
                0x00000000000029c2       0x35 binaries/addargs.o
 .ARM.attributes
                0x00000000000029f7       0x35 binaries/lexan.o
 .ARM.attributes
                0x0000000000002a2c       0x35 binaries/shell.o
 .ARM.attributes
                0x0000000000002a61       0x35 binaries/xsh_argecho.o
 .ARM.attributes
                0x0000000000002a96       0x35 binaries/xsh_arp.o
 .ARM.attributes
                0x0000000000002acb       0x35 binaries/xsh_cat.o
 .ARM.attributes
                0x0000000000002b00       0x35 binaries/xsh_clear.o
 .ARM.attributes
                0x0000000000002b35       0x35 binaries/xsh_date.o
 .ARM.attributes
                0x0000000000002b6a       0x35 binaries/xsh_devdump.o
 .ARM.attributes
                0x0000000000002b9f       0x35 binaries/xsh_echo.o
 .ARM.attributes
                0x0000000000002bd4       0x35 binaries/xsh_exit.o
 .ARM.attributes
                0x0000000000002c09       0x35 binaries/xsh_fstest.o
 .ARM.attributes
                0x0000000000002c3e       0x35 binaries/xsh_hello.o
 .ARM.attributes
                0x0000000000002c73       0x35 binaries/xsh_help.o
 .ARM.attributes
                0x0000000000002ca8       0x35 binaries/xsh_ipaddr.o
 .ARM.attributes
                0x0000000000002cdd       0x35 binaries/xsh_kill.o
 .ARM.attributes
                0x0000000000002d12       0x35 binaries/xsh_led.o
 .ARM.attributes
                0x0000000000002d47       0x35 binaries/xsh_lowmem.o
 .ARM.attributes
                0x0000000000002d7c       0x35 binaries/xsh_memdump.o
 .ARM.attributes
                0x0000000000002db1       0x35 binaries/xsh_memstat.o
 .ARM.attributes
                0x0000000000002de6       0x35 binaries/xsh_memwalk.o
 .ARM.attributes
                0x0000000000002e1b       0x35 binaries/xsh_ping.o
 .ARM.attributes
                0x0000000000002e50       0x35 binaries/xsh_prodcons.o
 .ARM.attributes
                0x0000000000002e85       0x35 binaries/xsh_ps.o
 .ARM.attributes
                0x0000000000002eba       0x35 binaries/xsh_reset.o
 .ARM.attributes
                0x0000000000002eef       0x35 binaries/xsh_sleep.o
 .ARM.attributes
                0x0000000000002f24       0x35 binaries/xsh_udpdump.o
 .ARM.attributes
                0x0000000000002f59       0x35 binaries/xsh_udpecho.o
 .ARM.attributes
                0x0000000000002f8e       0x35 binaries/xsh_udpeserver.o
 .ARM.attributes
                0x0000000000002fc3       0x35 binaries/xsh_uptime.o
 .ARM.attributes
                0x0000000000002ff8       0x35 binaries/xsh_xinuclient.o
 .ARM.attributes
                0x000000000000302d       0x35 binaries/consume.o
 .ARM.attributes
                0x0000000000003062       0x35 binaries/future_cons.o
 .ARM.attributes
                0x0000000000003097       0x35 binaries/future_prod.o
 .ARM.attributes
                0x00000000000030cc       0x35 binaries/network_cons.o
 .ARM.attributes
                0x0000000000003101       0x35 binaries/network_prod.o
 .ARM.attributes
                0x0000000000003136       0x35 binaries/produce.o
 .ARM.attributes
                0x000000000000316b       0x35 binaries/testprocess.o
 .ARM.attributes
                0x00000000000031a0       0x25 binaries/ctxsw.o
 .ARM.attributes
                0x00000000000031c5       0x25 binaries/intr.o
 .ARM.attributes
                0x00000000000031ea       0x18 /usr/lib/gcc/arm-none-eabi/4.9.3/libgcc.a(_udivsi3.o)
 .ARM.attributes
                0x0000000000003202       0x18 /usr/lib/gcc/arm-none-eabi/4.9.3/libgcc.a(_divsi3.o)
 .ARM.attributes
                0x000000000000321a       0x18 /usr/lib/gcc/arm-none-eabi/4.9.3/libgcc.a(_dvmd_tls.o)

.comment        0x0000000000000000       0x70
 .comment       0x0000000000000000       0x70 binaries/allocatestack.o
                                         0x71 (size before relaxing)
 .comment       0x0000000000000000       0x71 binaries/ascdate.o
 .comment       0x0000000000000000       0x71 binaries/bs.o
 .comment       0x0000000000000000       0x71 binaries/bufinit.o
 .comment       0x0000000000000000       0x71 binaries/chprio.o
 .comment       0x0000000000000000       0x71 binaries/clkhandler.o
 .comment       0x0000000000000000       0x71 binaries/clkinit.o
 .comment       0x0000000000000000       0x71 binaries/close.o
 .comment       0x0000000000000000       0x71 binaries/conf.o
 .comment       0x0000000000000000       0x71 binaries/control.o
 .comment       0x0000000000000000       0x71 binaries/create.o
 .comment       0x0000000000000000       0x71 binaries/createmod.o
 .comment       0x0000000000000000       0x71 binaries/evec.o
 .comment       0x0000000000000000       0x71 binaries/exit.o
 .comment       0x0000000000000000       0x71 binaries/freebuf.o
 .comment       0x0000000000000000       0x71 binaries/freemem.o
 .comment       0x0000000000000000       0x71 binaries/fs.o
 .comment       0x0000000000000000       0x71 binaries/future_alloc.o
 .comment       0x0000000000000000       0x71 binaries/future_free.o
 .comment       0x0000000000000000       0x71 binaries/future_get.o
 .comment       0x0000000000000000       0x71 binaries/future_set.o
 .comment       0x0000000000000000       0x71 binaries/getbuf.o
 .comment       0x0000000000000000       0x71 binaries/getc.o
 .comment       0x0000000000000000       0x71 binaries/getdev.o
 .comment       0x0000000000000000       0x71 binaries/getitem.o
 .comment       0x0000000000000000       0x71 binaries/getmem.o
 .comment       0x0000000000000000       0x71 binaries/getpid.o
 .comment       0x0000000000000000       0x71 binaries/getprio.o
 .comment       0x0000000000000000       0x71 binaries/getstk.o
 .comment       0x0000000000000000       0x71 binaries/gettime.o
 .comment       0x0000000000000000       0x71 binaries/getutime.o
 .comment       0x0000000000000000       0x71 binaries/init.o
 .comment       0x0000000000000000       0x71 binaries/initialize.o
 .comment       0x0000000000000000       0x71 binaries/insert.o
 .comment       0x0000000000000000       0x71 binaries/insertd.o
 .comment       0x0000000000000000       0x71 binaries/ioerr.o
 .comment       0x0000000000000000       0x71 binaries/ionull.o
 .comment       0x0000000000000000       0x71 binaries/kill.o
 .comment       0x0000000000000000       0x71 binaries/killmod.o
 .comment       0x0000000000000000       0x71 binaries/kprintf.o
 .comment       0x0000000000000000       0x71 binaries/main.o
 .comment       0x0000000000000000       0x71 binaries/mark.o
 .comment       0x0000000000000000       0x71 binaries/meminit.o
 .comment       0x0000000000000000       0x71 binaries/mkbufpool.o
 .comment       0x0000000000000000       0x71 binaries/netvalue.o
 .comment       0x0000000000000000       0x71 binaries/newqueue.o
 .comment       0x0000000000000000       0x71 binaries/open.o
 .comment       0x0000000000000000       0x71 binaries/panic.o
 .comment       0x0000000000000000       0x71 binaries/platinit.o
 .comment       0x0000000000000000       0x71 binaries/ptclear.o
 .comment       0x0000000000000000       0x71 binaries/ptcount.o
 .comment       0x0000000000000000       0x71 binaries/ptcreate.o
 .comment       0x0000000000000000       0x71 binaries/ptdelete.o
 .comment       0x0000000000000000       0x71 binaries/ptinit.o
 .comment       0x0000000000000000       0x71 binaries/ptrecv.o
 .comment       0x0000000000000000       0x71 binaries/ptreset.o
 .comment       0x0000000000000000       0x71 binaries/ptsend.o
 .comment       0x0000000000000000       0x71 binaries/putc.o
 .comment       0x0000000000000000       0x71 binaries/queue.o
 .comment       0x0000000000000000       0x71 binaries/queue_temp.o
 .comment       0x0000000000000000       0x71 binaries/read.o
 .comment       0x0000000000000000       0x71 binaries/ready.o
 .comment       0x0000000000000000       0x71 binaries/receive.o
 .comment       0x0000000000000000       0x71 binaries/recvclr.o
 .comment       0x0000000000000000       0x71 binaries/recvtime.o
 .comment       0x0000000000000000       0x71 binaries/resched.o
 .comment       0x0000000000000000       0x71 binaries/resume.o
 .comment       0x0000000000000000       0x71 binaries/seek.o
 .comment       0x0000000000000000       0x71 binaries/semcount.o
 .comment       0x0000000000000000       0x71 binaries/semcreate.o
 .comment       0x0000000000000000       0x71 binaries/semdelete.o
 .comment       0x0000000000000000       0x71 binaries/semreset.o
 .comment       0x0000000000000000       0x71 binaries/send.o
 .comment       0x0000000000000000       0x71 binaries/signal.o
 .comment       0x0000000000000000       0x71 binaries/signaln.o
 .comment       0x0000000000000000       0x71 binaries/sleep.o
 .comment       0x0000000000000000       0x71 binaries/suspend.o
 .comment       0x0000000000000000       0x71 binaries/unsleep.o
 .comment       0x0000000000000000       0x71 binaries/userret.o
 .comment       0x0000000000000000       0x71 binaries/wait.o
 .comment       0x0000000000000000       0x71 binaries/wakeup.o
 .comment       0x0000000000000000       0x71 binaries/write.o
 .comment       0x0000000000000000       0x71 binaries/xdone.o
 .comment       0x0000000000000000       0x71 binaries/yield.o
 .comment       0x0000000000000000       0x71 binaries/abs.o
 .comment       0x0000000000000000       0x71 binaries/atoi.o
 .comment       0x0000000000000000       0x71 binaries/atol.o
 .comment       0x0000000000000000       0x71 binaries/bzero.o
 .comment       0x0000000000000000       0x71 binaries/ctype_.o
 .comment       0x0000000000000000       0x71 binaries/doprnt.o
 .comment       0x0000000000000000       0x71 binaries/doscan.o
 .comment       0x0000000000000000       0x71 binaries/fdoprnt.o
 .comment       0x0000000000000000       0x71 binaries/fgetc.o
 .comment       0x0000000000000000       0x71 binaries/fgets.o
 .comment       0x0000000000000000       0x71 binaries/fprintf.o
 .comment       0x0000000000000000       0x71 binaries/fputc.o
 .comment       0x0000000000000000       0x71 binaries/fputs.o
 .comment       0x0000000000000000       0x71 binaries/fscanf.o
 .comment       0x0000000000000000       0x71 binaries/getchar.o
 .comment       0x0000000000000000       0x71 binaries/labs.o
 .comment       0x0000000000000000       0x71 binaries/memchr.o
 .comment       0x0000000000000000       0x71 binaries/memcmp.o
 .comment       0x0000000000000000       0x71 binaries/memcpy.o
 .comment       0x0000000000000000       0x71 binaries/memset.o
 .comment       0x0000000000000000       0x71 binaries/printf.o
 .comment       0x0000000000000000       0x71 binaries/putchar.o
 .comment       0x0000000000000000       0x71 binaries/qsort.o
 .comment       0x0000000000000000       0x71 binaries/rand.o
 .comment       0x0000000000000000       0x71 binaries/sprintf.o
 .comment       0x0000000000000000       0x71 binaries/sscanf.o
 .comment       0x0000000000000000       0x71 binaries/strchr.o
 .comment       0x0000000000000000       0x71 binaries/strcmp.o
 .comment       0x0000000000000000       0x71 binaries/strcpy.o
 .comment       0x0000000000000000       0x71 binaries/strlen.o
 .comment       0x0000000000000000       0x71 binaries/strncat.o
 .comment       0x0000000000000000       0x71 binaries/strncmp.o
 .comment       0x0000000000000000       0x71 binaries/strncpy.o
 .comment       0x0000000000000000       0x71 binaries/strnlen.o
 .comment       0x0000000000000000       0x71 binaries/strrchr.o
 .comment       0x0000000000000000       0x71 binaries/strstr.o
 .comment       0x0000000000000000       0x71 binaries/ttycontrol.o
 .comment       0x0000000000000000       0x71 binaries/ttygetc.o
 .comment       0x0000000000000000       0x71 binaries/ttyhandle_in.o
 .comment       0x0000000000000000       0x71 binaries/ttyhandle_out.o
 .comment       0x0000000000000000       0x71 binaries/ttyhandler.o
 .comment       0x0000000000000000       0x71 binaries/ttyinit.o
 .comment       0x0000000000000000       0x71 binaries/ttykickout.o
 .comment       0x0000000000000000       0x71 binaries/ttyputc.o
 .comment       0x0000000000000000       0x71 binaries/ttyread.o
 .comment       0x0000000000000000       0x71 binaries/ttywrite.o
 .comment       0x0000000000000000       0x71 binaries/mount.o
 .comment       0x0000000000000000       0x71 binaries/naminit.o
 .comment       0x0000000000000000       0x71 binaries/nammap.o
 .comment       0x0000000000000000       0x71 binaries/namopen.o
 .comment       0x0000000000000000       0x71 binaries/colon2mac.o
 .comment       0x0000000000000000       0x71 binaries/ethcontrol.o
 .comment       0x0000000000000000       0x71 binaries/ethhandler.o
 .comment       0x0000000000000000       0x71 binaries/ethinit.o
 .comment       0x0000000000000000       0x71 binaries/ethread.o
 .comment       0x0000000000000000       0x71 binaries/ethwrite.o
 .comment       0x0000000000000000       0x71 binaries/rdsbufalloc.o
 .comment       0x0000000000000000       0x71 binaries/rdsclose.o
 .comment       0x0000000000000000       0x71 binaries/rdscomm.o
 .comment       0x0000000000000000       0x71 binaries/rdscontrol.o
 .comment       0x0000000000000000       0x71 binaries/rdsinit.o
 .comment       0x0000000000000000       0x71 binaries/rdsopen.o
 .comment       0x0000000000000000       0x71 binaries/rdsprocess.o
 .comment       0x0000000000000000       0x71 binaries/rdsread.o
 .comment       0x0000000000000000       0x71 binaries/rdswrite.o
 .comment       0x0000000000000000       0x71 binaries/ramclose.o
 .comment       0x0000000000000000       0x71 binaries/raminit.o
 .comment       0x0000000000000000       0x71 binaries/ramopen.o
 .comment       0x0000000000000000       0x71 binaries/ramread.o
 .comment       0x0000000000000000       0x71 binaries/ramwrite.o
 .comment       0x0000000000000000       0x71 binaries/lfdballoc.o
 .comment       0x0000000000000000       0x71 binaries/lfdbfree.o
 .comment       0x0000000000000000       0x71 binaries/lfflush.o
 .comment       0x0000000000000000       0x71 binaries/lfgetmode.o
 .comment       0x0000000000000000       0x71 binaries/lfiballoc.o
 .comment       0x0000000000000000       0x71 binaries/lfibclear.o
 .comment       0x0000000000000000       0x71 binaries/lfibget.o
 .comment       0x0000000000000000       0x71 binaries/lfibput.o
 .comment       0x0000000000000000       0x71 binaries/lflclose.o
 .comment       0x0000000000000000       0x71 binaries/lflcontrol.o
 .comment       0x0000000000000000       0x71 binaries/lflgetc.o
 .comment       0x0000000000000000       0x71 binaries/lflinit.o
 .comment       0x0000000000000000       0x71 binaries/lflputc.o
 .comment       0x0000000000000000       0x71 binaries/lflread.o
 .comment       0x0000000000000000       0x71 binaries/lflseek.o
 .comment       0x0000000000000000       0x71 binaries/lflwrite.o
 .comment       0x0000000000000000       0x71 binaries/lfsckfmt.o
 .comment       0x0000000000000000       0x71 binaries/lfscreate.o
 .comment       0x0000000000000000       0x71 binaries/lfsetup.o
 .comment       0x0000000000000000       0x71 binaries/lfsinit.o
 .comment       0x0000000000000000       0x71 binaries/lfsopen.o
 .comment       0x0000000000000000       0x71 binaries/lftruncate.o
 .comment       0x0000000000000000       0x71 binaries/rflclose.o
 .comment       0x0000000000000000       0x71 binaries/rflgetc.o
 .comment       0x0000000000000000       0x71 binaries/rflinit.o
 .comment       0x0000000000000000       0x71 binaries/rflputc.o
 .comment       0x0000000000000000       0x71 binaries/rflread.o
 .comment       0x0000000000000000       0x71 binaries/rflseek.o
 .comment       0x0000000000000000       0x71 binaries/rflwrite.o
 .comment       0x0000000000000000       0x71 binaries/rfscomm.o
 .comment       0x0000000000000000       0x71 binaries/rfscontrol.o
 .comment       0x0000000000000000       0x71 binaries/rfsgetmode.o
 .comment       0x0000000000000000       0x71 binaries/rfsinit.o
 .comment       0x0000000000000000       0x71 binaries/rfsndmsg.o
 .comment       0x0000000000000000       0x71 binaries/rfsopen.o
 .comment       0x0000000000000000       0x71 binaries/arp.o
 .comment       0x0000000000000000       0x71 binaries/dhcp.o
 .comment       0x0000000000000000       0x71 binaries/dns.o
 .comment       0x0000000000000000       0x71 binaries/dot2ip.o
 .comment       0x0000000000000000       0x71 binaries/hexdump.o
 .comment       0x0000000000000000       0x71 binaries/icmp.o
 .comment       0x0000000000000000       0x71 binaries/ip.o
 .comment       0x0000000000000000       0x71 binaries/net.o
 .comment       0x0000000000000000       0x71 binaries/netstart.o
 .comment       0x0000000000000000       0x71 binaries/pdump.o
 .comment       0x0000000000000000       0x71 binaries/tftp.o
 .comment       0x0000000000000000       0x71 binaries/udp.o
 .comment       0x0000000000000000       0x71 binaries/addargs.o
 .comment       0x0000000000000000       0x71 binaries/lexan.o
 .comment       0x0000000000000000       0x71 binaries/shell.o
 .comment       0x0000000000000000       0x71 binaries/xsh_argecho.o
 .comment       0x0000000000000000       0x71 binaries/xsh_arp.o
 .comment       0x0000000000000000       0x71 binaries/xsh_cat.o
 .comment       0x0000000000000000       0x71 binaries/xsh_clear.o
 .comment       0x0000000000000000       0x71 binaries/xsh_date.o
 .comment       0x0000000000000000       0x71 binaries/xsh_devdump.o
 .comment       0x0000000000000000       0x71 binaries/xsh_echo.o
 .comment       0x0000000000000000       0x71 binaries/xsh_exit.o
 .comment       0x0000000000000000       0x71 binaries/xsh_fstest.o
 .comment       0x0000000000000000       0x71 binaries/xsh_hello.o
 .comment       0x0000000000000000       0x71 binaries/xsh_help.o
 .comment       0x0000000000000000       0x71 binaries/xsh_ipaddr.o
 .comment       0x0000000000000000       0x71 binaries/xsh_kill.o
 .comment       0x0000000000000000       0x71 binaries/xsh_led.o
 .comment       0x0000000000000000       0x71 binaries/xsh_lowmem.o
 .comment       0x0000000000000000       0x71 binaries/xsh_memdump.o
 .comment       0x0000000000000000       0x71 binaries/xsh_memstat.o
 .comment       0x0000000000000000       0x71 binaries/xsh_memwalk.o
 .comment       0x0000000000000000       0x71 binaries/xsh_ping.o
 .comment       0x0000000000000000       0x71 binaries/xsh_prodcons.o
 .comment       0x0000000000000000       0x71 binaries/xsh_ps.o
 .comment       0x0000000000000000       0x71 binaries/xsh_reset.o
 .comment       0x0000000000000000       0x71 binaries/xsh_sleep.o
 .comment       0x0000000000000000       0x71 binaries/xsh_udpdump.o
 .comment       0x0000000000000000       0x71 binaries/xsh_udpecho.o
 .comment       0x0000000000000000       0x71 binaries/xsh_udpeserver.o
 .comment       0x0000000000000000       0x71 binaries/xsh_uptime.o
 .comment       0x0000000000000000       0x71 binaries/xsh_xinuclient.o
 .comment       0x0000000000000000       0x71 binaries/consume.o
 .comment       0x0000000000000000       0x71 binaries/future_cons.o
 .comment       0x0000000000000000       0x71 binaries/future_prod.o
 .comment       0x0000000000000000       0x71 binaries/network_cons.o
 .comment       0x0000000000000000       0x71 binaries/network_prod.o
 .comment       0x0000000000000000       0x71 binaries/produce.o
 .comment       0x0000000000000000       0x71 binaries/testprocess.o

.debug_frame    0x0000000000000000       0x40
 .debug_frame   0x0000000000000000       0x20 /usr/lib/gcc/arm-none-eabi/4.9.3/libgcc.a(_udivsi3.o)
 .debug_frame   0x0000000000000020       0x20 /usr/lib/gcc/arm-none-eabi/4.9.3/libgcc.a(_divsi3.o)
